python : [SIMPLE] Creating request...
所在位置 行:1 字符: 1
+ python test_simple.py 2>&1 | Tee-Object -FilePath test_output.log
+ ~~~~~~~~~~~~~~~~~~~~~~~~~~
    + CategoryInfo          : NotSpecified: ([SIMPLE] Creating request...:String) [], 
    RemoteException
    + FullyQualifiedErrorId : NativeCommandError
 
[SIMPLE] Got 2 libraries
[SIMPLE] Using library: 48a392bb-5e7f-44e2-972c-2781d37eb013
[SIMPLE] Sending upload request...
[SIMPLE] HTTP Error: 500
[SIMPLE] Error Response: {"detail":{"code":"MEDIA_OPERATION_ERROR","message":"Failed t
o upload image: Save error","details":{}}}
[SIMPLE] Exception: HTTPError: HTTP Error 500: Internal Server Error
Traceback (most recent call last):
  File "D:\Project\Wordloom\test_simple.py", line 47, in <module>
    with urllib.request.urlopen(req, timeout=30) as f:
         ~~~~~~~~~~~~~~~~~~~~~~^^^^^^^^^^^^^^^^^
  File "C:\Python314\Lib\urllib\request.py", line 187, in urlopen
    return opener.open(url, data, timeout)
           ~~~~~~~~~~~^^^^^^^^^^^^^^^^^^^^
  File "C:\Python314\Lib\urllib\request.py", line 493, in open
    response = meth(req, response)
  File "C:\Python314\Lib\urllib\request.py", line 602, in http_response
    response = self.parent.error(
        'http', request, response, code, msg, hdrs)
  File "C:\Python314\Lib\urllib\request.py", line 531, in error
    return self._call_chain(*args)
           ~~~~~~~~~~~~~~~~^^^^^^^
  File "C:\Python314\Lib\urllib\request.py", line 464, in _call_chain
    result = func(*args)
  File "C:\Python314\Lib\urllib\request.py", line 611, in http_error_default
    raise HTTPError(req.full_url, code, msg, hdrs, fp)
urllib.error.HTTPError: HTTP Error 500: Internal Server Error
